Archive member included to satisfy reference by file (symbol)

/opt/gcc-arm/arm-none-eabi/lib/libc.a(lib_a-memcpy-stub.o)
                              /home/uvan/Downloads/RaspberryPi-FreeRTOS/build/FreeRTOS/Source/queue.o (memcpy)
/opt/gcc-arm/arm-none-eabi/lib/libc.a(lib_a-memset.o)
                              /home/uvan/Downloads/RaspberryPi-FreeRTOS/build/FreeRTOS/Source/tasks.o (memset)
/opt/gcc-arm/arm-none-eabi/lib/libc.a(lib_a-strncpy.o)
                              /home/uvan/Downloads/RaspberryPi-FreeRTOS/build/FreeRTOS/Source/tasks.o (strncpy)

Memory Configuration

Name             Origin             Length             Attributes
RESERVED         0x0000000000000000 0x0000000000008000 r
INIT_RAM         0x0000000000008000 0x0000000000008000 xrw
RAM              0x0000000000010000 0x0000000008000000 xrw
*default*        0x0000000000000000 0xffffffffffffffff

Linker script and memory map

LOAD /home/uvan/Downloads/RaspberryPi-FreeRTOS/build/FreeRTOS/Source/portable/GCC/RaspberryPi/port.o
LOAD /home/uvan/Downloads/RaspberryPi-FreeRTOS/build/FreeRTOS/Source/portable/GCC/RaspberryPi/portisr.o
LOAD /home/uvan/Downloads/RaspberryPi-FreeRTOS/build/FreeRTOS/Source/croutine.o
LOAD /home/uvan/Downloads/RaspberryPi-FreeRTOS/build/FreeRTOS/Source/list.o
LOAD /home/uvan/Downloads/RaspberryPi-FreeRTOS/build/FreeRTOS/Source/queue.o
LOAD /home/uvan/Downloads/RaspberryPi-FreeRTOS/build/FreeRTOS/Source/tasks.o
LOAD /home/uvan/Downloads/RaspberryPi-FreeRTOS/build/Demo/Drivers/irq.o
LOAD /home/uvan/Downloads/RaspberryPi-FreeRTOS/build/Demo/Drivers/gpio.o
LOAD /home/uvan/Downloads/RaspberryPi-FreeRTOS/build//FreeRTOS/Source/portable/MemMang/heap_4.o
LOAD /home/uvan/Downloads/RaspberryPi-FreeRTOS/build/Demo/startup.o
LOAD /home/uvan/Downloads/RaspberryPi-FreeRTOS/build/Demo/main.o

.init           0x0000000000008000       0xa4
 *(.init)
 .init          0x0000000000008000       0xa4 /home/uvan/Downloads/RaspberryPi-FreeRTOS/build/Demo/startup.o
                0x0000000000008000                _start

.module_entries
                0x00000000000080a4        0x0
                0x00000000000080a4                __module_entries_start = .
 *(.module_entries)
 *(.module_entries.*)
                0x00000000000080a4                __module_entries_end = .
                0x00000000000080a4                __module_entries_size = SIZEOF (.module_entries)

.text           0x0000000000010000     0x441c
 *(.text)
 .text          0x0000000000010000      0x344 /home/uvan/Downloads/RaspberryPi-FreeRTOS/build/FreeRTOS/Source/portable/GCC/RaspberryPi/port.o
                0x0000000000010000                pxPortInitialiseStack
                0x0000000000010240                xPortStartScheduler
                0x000000000001025c                vPortEndScheduler
                0x0000000000010274                vTickISR
 .text          0x0000000000010344      0x2ac /home/uvan/Downloads/RaspberryPi-FreeRTOS/build/FreeRTOS/Source/portable/GCC/RaspberryPi/portisr.o
                0x0000000000010344                vPortISRStartFirstTask
                0x00000000000103dc                vPortYieldProcessor
                0x0000000000010490                vFreeRTOS_ISR
                0x0000000000010540                vPortEnterCritical
                0x0000000000010584                vPortExitCritical
 .text          0x00000000000105f0      0x764 /home/uvan/Downloads/RaspberryPi-FreeRTOS/build/FreeRTOS/Source/croutine.o
                0x00000000000105f0                xCoRoutineCreate
                0x0000000000010758                vCoRoutineAddToDelayedList
                0x0000000000010afc                vCoRoutineSchedule
                0x0000000000010cc8                xCoRoutineRemoveFromEventList
 .text          0x0000000000010d54      0x29c /home/uvan/Downloads/RaspberryPi-FreeRTOS/build/FreeRTOS/Source/list.o
                0x0000000000010d54                vListInitialise
                0x0000000000010dbc                vListInitialiseItem
                0x0000000000010de8                vListInsertEnd
                0x0000000000010e80                vListInsert
                0x0000000000010f58                vListRemove
 .text          0x0000000000010ff0      0xbb0 /home/uvan/Downloads/RaspberryPi-FreeRTOS/build/FreeRTOS/Source/queue.o
                0x0000000000010ff0                xQueueGenericReset
                0x0000000000011104                xQueueGenericCreate
                0x00000000000111cc                xQueueGenericSend
                0x0000000000011370                xQueueGenericSendFromISR
                0x000000000001144c                xQueueGenericReceive
                0x0000000000011650                xQueueReceiveFromISR
                0x0000000000011730                uxQueueMessagesWaiting
                0x0000000000011764                uxQueueMessagesWaitingFromISR
                0x0000000000011794                vQueueDelete
                0x0000000000011acc                xQueueIsQueueEmptyFromISR
                0x0000000000011b58                xQueueIsQueueFullFromISR
 .text          0x0000000000011ba0     0x1924 /home/uvan/Downloads/RaspberryPi-FreeRTOS/build/FreeRTOS/Source/tasks.o
                0x0000000000011ba0                xTaskGenericCreate
                0x0000000000011dec                vTaskDelete
                0x0000000000011eec                vTaskDelayUntil
                0x0000000000011ffc                vTaskDelay
                0x0000000000012080                uxTaskPriorityGet
                0x00000000000120d8                vTaskPrioritySet
                0x0000000000012280                vTaskSuspend
                0x0000000000012384                xTaskIsTaskSuspended
                0x0000000000012400                vTaskResume
                0x00000000000124f8                xTaskResumeFromISR
                0x0000000000012614                vTaskStartScheduler
                0x00000000000126b0                vTaskEndScheduler
                0x00000000000126e8                vTaskSuspendAll
                0x0000000000012718                xTaskResumeAll
                0x00000000000128bc                xTaskGetTickCount
                0x00000000000128f0                xTaskGetTickCountFromISR
                0x0000000000012928                uxTaskGetNumberOfTasks
                0x000000000001294c                vTaskIncrementTick
                0x0000000000012b68                vTaskSetApplicationTaskTag
                0x0000000000012bc4                xTaskGetApplicationTaskTag
                0x0000000000012c20                xTaskCallApplicationTaskHook
                0x0000000000012c9c                vTaskSwitchContext
                0x0000000000012da4                vTaskPlaceOnEventList
                0x0000000000012e40                xTaskRemoveFromEventList
                0x0000000000012f58                vTaskSetTimeOutState
                0x0000000000012fa0                xTaskCheckForTimeOut
                0x0000000000013094                vTaskMissedYield
 .text          0x00000000000134c4      0x3a4 /home/uvan/Downloads/RaspberryPi-FreeRTOS/build/Demo/Drivers/irq.o
                0x0000000000013578                irqHandler
                0x0000000000013618                irqUnblock
                0x0000000000013634                irqBlock
                0x0000000000013650                irqRegister
                0x00000000000136b4                irqEnable
                0x0000000000013788                irqDisable
 .text          0x0000000000013868      0x5d8 /home/uvan/Downloads/RaspberryPi-FreeRTOS/build/Demo/Drivers/gpio.o
                0x0000000000013868                SetGpioFunction
                0x0000000000013944                SetGpioDirection
                0x0000000000013978                SetGpio
                0x0000000000013a30                ReadGpio
                0x0000000000013a80                EnableGpioDetect
                0x0000000000013c30                DisableGpioDetect
                0x0000000000013de8                ClearGpioInterrupt
 .text          0x0000000000013e40      0x4ac /home/uvan/Downloads/RaspberryPi-FreeRTOS/build//FreeRTOS/Source/portable/MemMang/heap_4.o
                0x0000000000013e40                pvPortMalloc
                0x0000000000014008                vPortFree
                0x0000000000014084                xPortGetFreeHeapSize
                0x00000000000140a8                vPortInitialiseBlocks
 .text          0x00000000000142ec       0x18 /home/uvan/Downloads/RaspberryPi-FreeRTOS/build/Demo/startup.o
 .text          0x0000000000014304      0x118 /home/uvan/Downloads/RaspberryPi-FreeRTOS/build/Demo/main.o
                0x0000000000014304                task1
                0x0000000000014340                task2
                0x0000000000014384                main
 .text          0x000000000001441c        0x0 /opt/gcc-arm/arm-none-eabi/lib/libc.a(lib_a-memcpy-stub.o)
 .text          0x000000000001441c        0x0 /opt/gcc-arm/arm-none-eabi/lib/libc.a(lib_a-memset.o)
 .text          0x000000000001441c        0x0 /opt/gcc-arm/arm-none-eabi/lib/libc.a(lib_a-strncpy.o)

.rodata         0x000000000001441c       0x2a
 .rodata        0x000000000001441c        0x4 /home/uvan/Downloads/RaspberryPi-FreeRTOS/build/FreeRTOS/Source/portable/GCC/RaspberryPi/port.o
 .rodata        0x0000000000014420        0x5 /home/uvan/Downloads/RaspberryPi-FreeRTOS/build/FreeRTOS/Source/tasks.o
 *fill*         0x0000000000014425        0x3 
 .rodata        0x0000000000014428        0x4 /home/uvan/Downloads/RaspberryPi-FreeRTOS/build/Demo/Drivers/irq.o
 .rodata        0x000000000001442c        0x4 /home/uvan/Downloads/RaspberryPi-FreeRTOS/build/Demo/Drivers/gpio.o
                0x000000000001442c                pRegs
 .rodata        0x0000000000014430        0x8 /home/uvan/Downloads/RaspberryPi-FreeRTOS/build//FreeRTOS/Source/portable/MemMang/heap_4.o
 .rodata        0x0000000000014438        0xe /home/uvan/Downloads/RaspberryPi-FreeRTOS/build/Demo/main.o

.glue_7         0x0000000000014448        0x0
 .glue_7        0x0000000000014448        0x0 linker stubs

.glue_7t        0x0000000000014448        0x0
 .glue_7t       0x0000000000014448        0x0 linker stubs

.vfp11_veneer   0x0000000000014448        0x0
 .vfp11_veneer  0x0000000000014448        0x0 linker stubs

.v4_bx          0x0000000000014448        0x0
 .v4_bx         0x0000000000014448        0x0 linker stubs

.iplt           0x0000000000014448        0x0
 .iplt          0x0000000000014448        0x0 /home/uvan/Downloads/RaspberryPi-FreeRTOS/build/FreeRTOS/Source/portable/GCC/RaspberryPi/port.o

.text.memcpy    0x0000000000014448      0x120
 .text.memcpy   0x0000000000014448      0x120 /opt/gcc-arm/arm-none-eabi/lib/libc.a(lib_a-memcpy-stub.o)
                0x0000000000014448                memcpy

.text.memset    0x0000000000014568      0x11c
 .text.memset   0x0000000000014568      0x11c /opt/gcc-arm/arm-none-eabi/lib/libc.a(lib_a-memset.o)
                0x0000000000014568                memset

.text.strncpy   0x0000000000014684       0xcc
 .text.strncpy  0x0000000000014684       0xcc /opt/gcc-arm/arm-none-eabi/lib/libc.a(lib_a-strncpy.o)
                0x0000000000014684                strncpy

.rel.dyn        0x0000000000014750        0x0
 .rel.iplt      0x0000000000014750        0x0 /home/uvan/Downloads/RaspberryPi-FreeRTOS/build/FreeRTOS/Source/portable/GCC/RaspberryPi/port.o

.data           0x0000000000014750        0xc
 *(.data)
 .data          0x0000000000014750        0x0 /home/uvan/Downloads/RaspberryPi-FreeRTOS/build/FreeRTOS/Source/portable/GCC/RaspberryPi/port.o
 .data          0x0000000000014750        0x4 /home/uvan/Downloads/RaspberryPi-FreeRTOS/build/FreeRTOS/Source/portable/GCC/RaspberryPi/portisr.o
                0x0000000000014750                ulCriticalNesting
 .data          0x0000000000014754        0x0 /home/uvan/Downloads/RaspberryPi-FreeRTOS/build/FreeRTOS/Source/croutine.o
 .data          0x0000000000014754        0x0 /home/uvan/Downloads/RaspberryPi-FreeRTOS/build/FreeRTOS/Source/list.o
 .data          0x0000000000014754        0x0 /home/uvan/Downloads/RaspberryPi-FreeRTOS/build/FreeRTOS/Source/queue.o
 .data          0x0000000000014754        0x4 /home/uvan/Downloads/RaspberryPi-FreeRTOS/build/FreeRTOS/Source/tasks.o
 .data          0x0000000000014758        0x0 /home/uvan/Downloads/RaspberryPi-FreeRTOS/build/Demo/Drivers/irq.o
 .data          0x0000000000014758        0x0 /home/uvan/Downloads/RaspberryPi-FreeRTOS/build/Demo/Drivers/gpio.o
 .data          0x0000000000014758        0x4 /home/uvan/Downloads/RaspberryPi-FreeRTOS/build//FreeRTOS/Source/portable/MemMang/heap_4.o
 .data          0x000000000001475c        0x0 /home/uvan/Downloads/RaspberryPi-FreeRTOS/build/Demo/startup.o
 .data          0x000000000001475c        0x0 /home/uvan/Downloads/RaspberryPi-FreeRTOS/build/Demo/main.o
 .data          0x000000000001475c        0x0 /opt/gcc-arm/arm-none-eabi/lib/libc.a(lib_a-memcpy-stub.o)
 .data          0x000000000001475c        0x0 /opt/gcc-arm/arm-none-eabi/lib/libc.a(lib_a-memset.o)
 .data          0x000000000001475c        0x0 /opt/gcc-arm/arm-none-eabi/lib/libc.a(lib_a-strncpy.o)

.igot.plt       0x000000000001475c        0x0
 .igot.plt      0x000000000001475c        0x0 /home/uvan/Downloads/RaspberryPi-FreeRTOS/build/FreeRTOS/Source/portable/GCC/RaspberryPi/port.o

.bss            0x0000000000014760     0x13e0
                0x0000000000014760                __bss_start = .
 *(.bss)
 .bss           0x0000000000014760        0x0 /home/uvan/Downloads/RaspberryPi-FreeRTOS/build/FreeRTOS/Source/portable/GCC/RaspberryPi/port.o
 .bss           0x0000000000014760        0x4 /home/uvan/Downloads/RaspberryPi-FreeRTOS/build/FreeRTOS/Source/portable/GCC/RaspberryPi/portisr.o
                0x0000000000014760                g_bStarted
 .bss           0x0000000000014764       0x80 /home/uvan/Downloads/RaspberryPi-FreeRTOS/build/FreeRTOS/Source/croutine.o
                0x00000000000147d0                pxCurrentCoRoutine
 .bss           0x00000000000147e4        0x0 /home/uvan/Downloads/RaspberryPi-FreeRTOS/build/FreeRTOS/Source/list.o
 .bss           0x00000000000147e4        0x0 /home/uvan/Downloads/RaspberryPi-FreeRTOS/build/FreeRTOS/Source/queue.o
 .bss           0x00000000000147e4      0x100 /home/uvan/Downloads/RaspberryPi-FreeRTOS/build/FreeRTOS/Source/tasks.o
                0x00000000000147e4                pxCurrentTCB
 .bss           0x00000000000148e4      0x24c /home/uvan/Downloads/RaspberryPi-FreeRTOS/build/Demo/Drivers/irq.o
 .bss           0x0000000000014b30        0x0 /home/uvan/Downloads/RaspberryPi-FreeRTOS/build/Demo/Drivers/gpio.o
 .bss           0x0000000000014b30     0x1010 /home/uvan/Downloads/RaspberryPi-FreeRTOS/build//FreeRTOS/Source/portable/MemMang/heap_4.o
                0x0000000000015b3c                allocated
 .bss           0x0000000000015b40        0x0 /home/uvan/Downloads/RaspberryPi-FreeRTOS/build/Demo/startup.o
 .bss           0x0000000000015b40        0x0 /home/uvan/Downloads/RaspberryPi-FreeRTOS/build/Demo/main.o
 .bss           0x0000000000015b40        0x0 /opt/gcc-arm/arm-none-eabi/lib/libc.a(lib_a-memcpy-stub.o)
 .bss           0x0000000000015b40        0x0 /opt/gcc-arm/arm-none-eabi/lib/libc.a(lib_a-memset.o)
 .bss           0x0000000000015b40        0x0 /opt/gcc-arm/arm-none-eabi/lib/libc.a(lib_a-strncpy.o)
 *(.bss.*)
                0x0000000000015b40                __bss_end = .
                0x0000000008010000                _estack = (ORIGIN (RAM) + LENGTH (RAM))
LOAD /opt/gcc-arm/lib/gcc/arm-none-eabi/10.3.1/libgcc.a
LOAD /opt/gcc-arm/arm-none-eabi/lib/libc.a
OUTPUT(kernel.elf elf32-littlearm)
LOAD linker stubs

.debug_info     0x0000000000000000     0x2ac3
 .debug_info    0x0000000000000000      0x216 /home/uvan/Downloads/RaspberryPi-FreeRTOS/build/FreeRTOS/Source/portable/GCC/RaspberryPi/port.o
 .debug_info    0x0000000000000216      0x19c /home/uvan/Downloads/RaspberryPi-FreeRTOS/build/FreeRTOS/Source/portable/GCC/RaspberryPi/portisr.o
 .debug_info    0x00000000000003b2      0x4af /home/uvan/Downloads/RaspberryPi-FreeRTOS/build/FreeRTOS/Source/croutine.o
 .debug_info    0x0000000000000861      0x2a5 /home/uvan/Downloads/RaspberryPi-FreeRTOS/build/FreeRTOS/Source/list.o
 .debug_info    0x0000000000000b06      0x788 /home/uvan/Downloads/RaspberryPi-FreeRTOS/build/FreeRTOS/Source/queue.o
 .debug_info    0x000000000000128e      0xdd6 /home/uvan/Downloads/RaspberryPi-FreeRTOS/build/FreeRTOS/Source/tasks.o
 .debug_info    0x0000000000002064      0x2b7 /home/uvan/Downloads/RaspberryPi-FreeRTOS/build/Demo/Drivers/irq.o
 .debug_info    0x000000000000231b      0x3e4 /home/uvan/Downloads/RaspberryPi-FreeRTOS/build/Demo/Drivers/gpio.o
 .debug_info    0x00000000000026ff      0x2e9 /home/uvan/Downloads/RaspberryPi-FreeRTOS/build//FreeRTOS/Source/portable/MemMang/heap_4.o
 .debug_info    0x00000000000029e8       0xdb /home/uvan/Downloads/RaspberryPi-FreeRTOS/build/Demo/main.o

.debug_abbrev   0x0000000000000000      0xcf5
 .debug_abbrev  0x0000000000000000      0x133 /home/uvan/Downloads/RaspberryPi-FreeRTOS/build/FreeRTOS/Source/portable/GCC/RaspberryPi/port.o
 .debug_abbrev  0x0000000000000133       0xe5 /home/uvan/Downloads/RaspberryPi-FreeRTOS/build/FreeRTOS/Source/portable/GCC/RaspberryPi/portisr.o
 .debug_abbrev  0x0000000000000218      0x1a1 /home/uvan/Downloads/RaspberryPi-FreeRTOS/build/FreeRTOS/Source/croutine.o
 .debug_abbrev  0x00000000000003b9       0xca /home/uvan/Downloads/RaspberryPi-FreeRTOS/build/FreeRTOS/Source/list.o
 .debug_abbrev  0x0000000000000483      0x14a /home/uvan/Downloads/RaspberryPi-FreeRTOS/build/FreeRTOS/Source/queue.o
 .debug_abbrev  0x00000000000005cd      0x20b /home/uvan/Downloads/RaspberryPi-FreeRTOS/build/FreeRTOS/Source/tasks.o
 .debug_abbrev  0x00000000000007d8      0x150 /home/uvan/Downloads/RaspberryPi-FreeRTOS/build/Demo/Drivers/irq.o
 .debug_abbrev  0x0000000000000928      0x16d /home/uvan/Downloads/RaspberryPi-FreeRTOS/build/Demo/Drivers/gpio.o
 .debug_abbrev  0x0000000000000a95      0x1bd /home/uvan/Downloads/RaspberryPi-FreeRTOS/build//FreeRTOS/Source/portable/MemMang/heap_4.o
 .debug_abbrev  0x0000000000000c52       0xa3 /home/uvan/Downloads/RaspberryPi-FreeRTOS/build/Demo/main.o

.debug_aranges  0x0000000000000000      0x140
 .debug_aranges
                0x0000000000000000       0x20 /home/uvan/Downloads/RaspberryPi-FreeRTOS/build/FreeRTOS/Source/portable/GCC/RaspberryPi/port.o
 .debug_aranges
                0x0000000000000020       0x20 /home/uvan/Downloads/RaspberryPi-FreeRTOS/build/FreeRTOS/Source/portable/GCC/RaspberryPi/portisr.o
 .debug_aranges
                0x0000000000000040       0x20 /home/uvan/Downloads/RaspberryPi-FreeRTOS/build/FreeRTOS/Source/croutine.o
 .debug_aranges
                0x0000000000000060       0x20 /home/uvan/Downloads/RaspberryPi-FreeRTOS/build/FreeRTOS/Source/list.o
 .debug_aranges
                0x0000000000000080       0x20 /home/uvan/Downloads/RaspberryPi-FreeRTOS/build/FreeRTOS/Source/queue.o
 .debug_aranges
                0x00000000000000a0       0x20 /home/uvan/Downloads/RaspberryPi-FreeRTOS/build/FreeRTOS/Source/tasks.o
 .debug_aranges
                0x00000000000000c0       0x20 /home/uvan/Downloads/RaspberryPi-FreeRTOS/build/Demo/Drivers/irq.o
 .debug_aranges
                0x00000000000000e0       0x20 /home/uvan/Downloads/RaspberryPi-FreeRTOS/build/Demo/Drivers/gpio.o
 .debug_aranges
                0x0000000000000100       0x20 /home/uvan/Downloads/RaspberryPi-FreeRTOS/build//FreeRTOS/Source/portable/MemMang/heap_4.o
 .debug_aranges
                0x0000000000000120       0x20 /home/uvan/Downloads/RaspberryPi-FreeRTOS/build/Demo/main.o

.debug_line     0x0000000000000000     0x1b8d
 .debug_line    0x0000000000000000      0x1cc /home/uvan/Downloads/RaspberryPi-FreeRTOS/build/FreeRTOS/Source/portable/GCC/RaspberryPi/port.o
 .debug_line    0x00000000000001cc       0xe3 /home/uvan/Downloads/RaspberryPi-FreeRTOS/build/FreeRTOS/Source/portable/GCC/RaspberryPi/portisr.o
 .debug_line    0x00000000000002af      0x2e4 /home/uvan/Downloads/RaspberryPi-FreeRTOS/build/FreeRTOS/Source/croutine.o
 .debug_line    0x0000000000000593      0x1e5 /home/uvan/Downloads/RaspberryPi-FreeRTOS/build/FreeRTOS/Source/list.o
 .debug_line    0x0000000000000778      0x52f /home/uvan/Downloads/RaspberryPi-FreeRTOS/build/FreeRTOS/Source/queue.o
 .debug_line    0x0000000000000ca7      0x88c /home/uvan/Downloads/RaspberryPi-FreeRTOS/build/FreeRTOS/Source/tasks.o
 .debug_line    0x0000000000001533      0x184 /home/uvan/Downloads/RaspberryPi-FreeRTOS/build/Demo/Drivers/irq.o
 .debug_line    0x00000000000016b7      0x1ed /home/uvan/Downloads/RaspberryPi-FreeRTOS/build/Demo/Drivers/gpio.o
 .debug_line    0x00000000000018a4      0x22b /home/uvan/Downloads/RaspberryPi-FreeRTOS/build//FreeRTOS/Source/portable/MemMang/heap_4.o
 .debug_line    0x0000000000001acf       0xbe /home/uvan/Downloads/RaspberryPi-FreeRTOS/build/Demo/main.o

.debug_str      0x0000000000000000     0x16a2
 .debug_str     0x0000000000000000      0x1da /home/uvan/Downloads/RaspberryPi-FreeRTOS/build/FreeRTOS/Source/portable/GCC/RaspberryPi/port.o
                                        0x221 (size before relaxing)
 .debug_str     0x00000000000001da       0xe5 /home/uvan/Downloads/RaspberryPi-FreeRTOS/build/FreeRTOS/Source/portable/GCC/RaspberryPi/portisr.o
                                        0x1a1 (size before relaxing)
 .debug_str     0x00000000000002bf      0x368 /home/uvan/Downloads/RaspberryPi-FreeRTOS/build/FreeRTOS/Source/croutine.o
                                        0x45e (size before relaxing)
 .debug_str     0x0000000000000627      0x103 /home/uvan/Downloads/RaspberryPi-FreeRTOS/build/FreeRTOS/Source/list.o
                                        0x281 (size before relaxing)
 .debug_str     0x000000000000072a      0x348 /home/uvan/Downloads/RaspberryPi-FreeRTOS/build/FreeRTOS/Source/queue.o
                                        0x51d (size before relaxing)
 .debug_str     0x0000000000000a72      0x63e /home/uvan/Downloads/RaspberryPi-FreeRTOS/build/FreeRTOS/Source/tasks.o
                                        0x8ff (size before relaxing)
 .debug_str     0x00000000000010b0      0x1a7 /home/uvan/Downloads/RaspberryPi-FreeRTOS/build/Demo/Drivers/irq.o
                                        0x1fd (size before relaxing)
 .debug_str     0x0000000000001257      0x23b /home/uvan/Downloads/RaspberryPi-FreeRTOS/build/Demo/Drivers/gpio.o
                                        0x2e3 (size before relaxing)
 .debug_str     0x0000000000001492      0x1c9 /home/uvan/Downloads/RaspberryPi-FreeRTOS/build//FreeRTOS/Source/portable/MemMang/heap_4.o
                                        0x2f1 (size before relaxing)
 .debug_str     0x000000000000165b       0x47 /home/uvan/Downloads/RaspberryPi-FreeRTOS/build/Demo/main.o
                                        0x137 (size before relaxing)

.comment        0x0000000000000000       0x6f
 .comment       0x0000000000000000       0x49 /home/uvan/Downloads/RaspberryPi-FreeRTOS/build/FreeRTOS/Source/portable/GCC/RaspberryPi/port.o
                                         0x4a (size before relaxing)
 .comment       0x0000000000000049       0x4a /home/uvan/Downloads/RaspberryPi-FreeRTOS/build/FreeRTOS/Source/portable/GCC/RaspberryPi/portisr.o
 .comment       0x0000000000000049       0x4a /home/uvan/Downloads/RaspberryPi-FreeRTOS/build/FreeRTOS/Source/croutine.o
 .comment       0x0000000000000049       0x4a /home/uvan/Downloads/RaspberryPi-FreeRTOS/build/FreeRTOS/Source/list.o
 .comment       0x0000000000000049       0x4a /home/uvan/Downloads/RaspberryPi-FreeRTOS/build/FreeRTOS/Source/queue.o
 .comment       0x0000000000000049       0x4a /home/uvan/Downloads/RaspberryPi-FreeRTOS/build/FreeRTOS/Source/tasks.o
 .comment       0x0000000000000049       0x26 /home/uvan/Downloads/RaspberryPi-FreeRTOS/build/Demo/Drivers/irq.o
                                         0x27 (size before relaxing)
 .comment       0x000000000000006f       0x27 /home/uvan/Downloads/RaspberryPi-FreeRTOS/build/Demo/Drivers/gpio.o
 .comment       0x000000000000006f       0x4a /home/uvan/Downloads/RaspberryPi-FreeRTOS/build//FreeRTOS/Source/portable/MemMang/heap_4.o
 .comment       0x000000000000006f       0x4a /home/uvan/Downloads/RaspberryPi-FreeRTOS/build/Demo/main.o

.ARM.attributes
                0x0000000000000000       0x2c
 .ARM.attributes
                0x0000000000000000       0x2e /home/uvan/Downloads/RaspberryPi-FreeRTOS/build/FreeRTOS/Source/portable/GCC/RaspberryPi/port.o
 .ARM.attributes
                0x000000000000002e       0x2e /home/uvan/Downloads/RaspberryPi-FreeRTOS/build/FreeRTOS/Source/portable/GCC/RaspberryPi/portisr.o
 .ARM.attributes
                0x000000000000005c       0x2e /home/uvan/Downloads/RaspberryPi-FreeRTOS/build/FreeRTOS/Source/croutine.o
 .ARM.attributes
                0x000000000000008a       0x2e /home/uvan/Downloads/RaspberryPi-FreeRTOS/build/FreeRTOS/Source/list.o
 .ARM.attributes
                0x00000000000000b8       0x2e /home/uvan/Downloads/RaspberryPi-FreeRTOS/build/FreeRTOS/Source/queue.o
 .ARM.attributes
                0x00000000000000e6       0x2e /home/uvan/Downloads/RaspberryPi-FreeRTOS/build/FreeRTOS/Source/tasks.o
 .ARM.attributes
                0x0000000000000114       0x2e /home/uvan/Downloads/RaspberryPi-FreeRTOS/build/Demo/Drivers/irq.o
 .ARM.attributes
                0x0000000000000142       0x2e /home/uvan/Downloads/RaspberryPi-FreeRTOS/build/Demo/Drivers/gpio.o
 .ARM.attributes
                0x0000000000000170       0x2e /home/uvan/Downloads/RaspberryPi-FreeRTOS/build//FreeRTOS/Source/portable/MemMang/heap_4.o
 .ARM.attributes
                0x000000000000019e       0x12 /home/uvan/Downloads/RaspberryPi-FreeRTOS/build/Demo/startup.o
 .ARM.attributes
                0x00000000000001b0       0x2e /home/uvan/Downloads/RaspberryPi-FreeRTOS/build/Demo/main.o
 .ARM.attributes
                0x00000000000001de       0x2a /opt/gcc-arm/arm-none-eabi/lib/libc.a(lib_a-memcpy-stub.o)
 .ARM.attributes
                0x0000000000000208       0x2a /opt/gcc-arm/arm-none-eabi/lib/libc.a(lib_a-memset.o)
 .ARM.attributes
                0x0000000000000232       0x2a /opt/gcc-arm/arm-none-eabi/lib/libc.a(lib_a-strncpy.o)

.debug_frame    0x0000000000000000      0xd10
 .debug_frame   0x0000000000000000       0xac /home/uvan/Downloads/RaspberryPi-FreeRTOS/build/FreeRTOS/Source/portable/GCC/RaspberryPi/port.o
 .debug_frame   0x00000000000000ac       0x90 /home/uvan/Downloads/RaspberryPi-FreeRTOS/build/FreeRTOS/Source/portable/GCC/RaspberryPi/portisr.o
 .debug_frame   0x000000000000013c       0xf0 /home/uvan/Downloads/RaspberryPi-FreeRTOS/build/FreeRTOS/Source/croutine.o
 .debug_frame   0x000000000000022c       0xb0 /home/uvan/Downloads/RaspberryPi-FreeRTOS/build/FreeRTOS/Source/list.o
 .debug_frame   0x00000000000002dc      0x210 /home/uvan/Downloads/RaspberryPi-FreeRTOS/build/FreeRTOS/Source/queue.o
 .debug_frame   0x00000000000004ec      0x450 /home/uvan/Downloads/RaspberryPi-FreeRTOS/build/FreeRTOS/Source/tasks.o
 .debug_frame   0x000000000000093c       0xf0 /home/uvan/Downloads/RaspberryPi-FreeRTOS/build/Demo/Drivers/irq.o
 .debug_frame   0x0000000000000a2c       0xf0 /home/uvan/Downloads/RaspberryPi-FreeRTOS/build/Demo/Drivers/gpio.o
 .debug_frame   0x0000000000000b1c       0xd0 /home/uvan/Downloads/RaspberryPi-FreeRTOS/build//FreeRTOS/Source/portable/MemMang/heap_4.o
 .debug_frame   0x0000000000000bec       0x64 /home/uvan/Downloads/RaspberryPi-FreeRTOS/build/Demo/main.o
 .debug_frame   0x0000000000000c50       0x38 /opt/gcc-arm/arm-none-eabi/lib/libc.a(lib_a-memcpy-stub.o)
 .debug_frame   0x0000000000000c88       0x48 /opt/gcc-arm/arm-none-eabi/lib/libc.a(lib_a-memset.o)
 .debug_frame   0x0000000000000cd0       0x40 /opt/gcc-arm/arm-none-eabi/lib/libc.a(lib_a-strncpy.o)
